LTspice 24.1.10 for Windows
Circuit: E:\ThiThucHanhCoHa\CoHa\BAI 7 CHUAN BI 1.net
Start Time: Sat Dec 13 21:59:58 2025
solver = Normal
Maximum thread count: 20
tnom = 27
temp = 27
method = trap
Direct Newton iteration for .op point succeeded.
Total elapsed time: 0.093 seconds.

Files loaded:
E:\ThiThucHanhCoHa\CoHa\BAI 7 CHUAN BI 1.net
C:\Users\Xuan\AppData\Local\LTspice\lib\cmp\standard.bjt
C:\Users\Xuan\AppData\Local\LTspice\lib\cmp\standard.mos
E:\ThiThucHanhCoHa\CoHa\LM324.cir

b_vin_avg: AVG(V(Vin))=5.00000745297 FROM 0 TO 0.01
b_vout_avg: AVG(V(Vout))=2.5000465105 FROM 0 TO 0.01
b_eff: (b_Vout_Avg/b_Vin_Avg)*100=50.0008556791
b_vdo: AVG(V(Vin)-V(Vout))=2.49996094247 FROM 0 TO 0.01
b_rip_in: PP(V(Vin))=0.399923324585 FROM 0 TO 0.01
b_rip_out: PP(V(Vout))=4.76837158203e-07 FROM 0 TO 0.01
b_psrr: 20*log10(b_Rip_In/b_Rip_Out)=118.47213286
c_vin_avg: AVG(V(Vin))=5.00000745297 FROM 0 TO 0.01
c_vout_avg: AVG(V(Vout2))=4.98846231181 FROM 0 TO 0.01
c_eff: (c_Vout_Avg/c_Vin_Avg)*100=99.7690975209
c_vdo: AVG(V(Vin)-V(Vout2))=0.011545141165 FROM 0 TO 0.01
c_rip_in: PP(V(Vin))=0.399923324585 FROM 0 TO 0.01
c_rip_out: PP(V(Vout2))=0.384967327118 FROM 0 TO 0.01
c_psrr: 20*log10(c_Rip_In/c_Rip_Out)=0.331057247387
d_vin_avg: AVG(V(Vin))=5.00000745297 FROM 0 TO 0.01
d_vout_avg: AVG(V(Vout3))=0.113428331857 FROM 0 TO 0.01
d_eff: (d_Vout_Avg/d_Vin_Avg)*100=2.26856325563
d_vdo: AVG(V(Vin)-V(Vout3))=4.88657912111 FROM 0 TO 0.01
d_rip_in: PP(V(Vin))=0.399923324585 FROM 0 TO 0.01
d_rip_out: PP(V(Vout3))=7.4714422226e-05 FROM 0 TO 0.01
d_psrr: 20*log10(d_Rip_In/d_Rip_Out)=74.5714458343
